<html>
    <head>
        <title>My Page</title>
    </head>
    <body>
        <h1>Working Software Conference</h1>
        <p>This is just a simple html page</p>
    </body>
</html>
